func Main()
t5 = 4
t0 = t5
t4 = alloc(t0)
t0 = t5
t3 = alloc(t0)
t5 = @FacComputeFac
t0 = t3
t1 = t5
[t0 + 0] = t1
t0 = t3
t5 = t0
t0 = t4
t1 = t5
[t0 + 0] = t1
t0 = t4
if0 t0 goto null1
t0 = t4
t3 = [t0 + 0]
t0 = t3
t3 = [t0 + 0]
t5 = 6
t0 = t3
Main_v0 = t5
Main_w0 = t4
Main_w1 = t3
a2 = t4
a3 = t5
t2 = call t0()
t5 = Main_v0
t4 = Main_w0
t3 = Main_w1
t0 = t2
print(t0)
goto main_end
null1:
error("null pointer")
main_end:
v0 = t5
return v0

func FacComputeFac()
t4 = a2
t5 = a3
t3 = 1
t0 = t5
t1 = t3
t2 = t0 < t1
t0 = t2
if0 t0 goto if1_else
t2 = 1
goto if1_end
if1_else:
t0 = t4
s11 = [t0 + 0]
t0 = s11
s11 = [t0 + 0]
t3 = 1
t0 = t5
t1 = t3
s10 = t0 - t1
t0 = s11
FacComputeFac_num = t5
FacComputeFac_this = t4
FacComputeFac_num_aux = t2
FacComputeFac_w1 = s11
FacComputeFac_w2 = s10
a2 = t4
a3 = s10
t3 = call t0()
t5 = FacComputeFac_num
t4 = FacComputeFac_this
t2 = FacComputeFac_num_aux
s11 = FacComputeFac_w1
s10 = FacComputeFac_w2
t0 = t5
t1 = t3
t2 = t0 * t1
if1_end:
num_aux = t2
return num_aux


