The Sparrow-V program is invalid
Error: The program has no function declarations
