func Main()
t5 = 4
t0 = t5
t4 = alloc(t0)
t5 = 4
t0 = t5
t3 = alloc(t0)
t5 = @A_run
t0 = t3
t1 = t5
[t0 + 0] = t1
t0 = t4
t1 = t3
[t0 + 0] = t1
t0 = t4
if0 t0 goto null8
t0 = t4
t3 = [t0 + 0]
t0 = t3
t5 = [t0 + 0]
goto null_end8
null8:
error("null pointer")
null_end8:
t0 = t5
Main_t17 = t5
Main_t8 = t4
a2 = t4
t3 = call t0()
t5 = Main_t17
t4 = Main_t8
t0 = t3
print(t0)
t3 = 1
goto main_end
main_end:
t18 = t3
return t18

func A_run()
t5 = a2
t5 = 42
t0 = t5
print(t0)
t5 = 99
goto run_end
run_end:
t20 = t5
return t20


