func Main()
t5 = 4
t0 = t5
t4 = alloc(t0)
t5 = 8
t0 = t5
t3 = alloc(t0)
t5 = @A_run
t2 = @A_helper
t0 = t3
t1 = t5
[t0 + 0] = t1
t0 = t3
t1 = t2
[t0 + 4] = t1
t0 = t4
t1 = t3
[t0 + 0] = t1
t0 = t4
if0 t0 goto null8
t0 = t4
t2 = [t0 + 0]
t0 = t2
t3 = [t0 + 0]
goto null_end8
null8:
error("null pointer")
null_end8:
t0 = t3
Main_t8 = t4
Main_t18 = t3
a2 = t4
t2 = call t0()
t4 = Main_t8
t3 = Main_t18
t0 = t2
print(t0)
t2 = 1
goto main_end
main_end:
t19 = t2
return t19

func A_run()
t5 = a2
t4 = 0
t0 = t4
t3 = t0
t3 = 0
t0 = t3
t2 = t0
t0 = t5
t2 = t0
t0 = t2
if0 t0 goto null26
t0 = t2
s11 = [t0 + 0]
t0 = s11
s10 = [t0 + 4]
goto null_end26
null26:
error("null pointer")
null_end26:
s11 = 12
t0 = s10
A_run_this = t5
A_run_A_a = t4
A_run_A_b = t3
A_run_t26 = t2
A_run_t31 = s11
A_run_t30 = s10
a2 = t2
a3 = s11
s9 = call t0()
t5 = A_run_this
t4 = A_run_A_a
t3 = A_run_A_b
t2 = A_run_t26
s11 = A_run_t31
s10 = A_run_t30
t0 = s9
t4 = t0
t0 = t5
s9 = t0
t0 = s9
if0 t0 goto null34
t0 = s9
t5 = [t0 + 0]
t0 = t5
s11 = [t0 + 4]
goto null_end34
null34:
error("null pointer")
null_end34:
t5 = 15
t0 = s11
A_run_t39 = t5
A_run_A_a = t4
A_run_A_b = t3
A_run_t38 = s11
A_run_t34 = s9
a2 = s9
a3 = t5
s10 = call t0()
t5 = A_run_t39
t4 = A_run_A_a
t3 = A_run_A_b
s11 = A_run_t38
s9 = A_run_t34
t0 = s10
t3 = t0
t0 = t4
s10 = t0
t0 = t3
t4 = t0
t0 = s10
t1 = t4
t3 = t0 + t1
goto run_end
run_end:
t40 = t3
return t40

func A_helper()
t4 = a2
t5 = a3
t4 = 0
t0 = t4
t3 = t0
t0 = t5
t3 = t0
t0 = t3
t4 = t0
t0 = t5
t3 = t0
t2 = 1
t0 = t3
t1 = t2
s11 = t0 + t1
t0 = s11
t5 = t0
t0 = t4
s11 = t0
t0 = s11
print(t0)
t0 = t4
s11 = t0
goto helper_end
helper_end:
t55 = s11
return t55


