func Main()
t5 = 4
t0 = t5
t4 = alloc(t0)
t5 = 4
t0 = t5
t3 = alloc(t0)
t5 = @A_run
t0 = t3
t1 = t5
[t0 + 0] = t1
t0 = t4
t1 = t3
[t0 + 0] = t1
t0 = t4
if0 t0 goto null8
t0 = t4
t3 = [t0 + 0]
t0 = t3
t5 = [t0 + 0]
goto null_end8
null8:
error("null pointer")
null_end8:
t0 = t5
Main_t17 = t5
Main_t8 = t4
a2 = t4
t3 = call t0()
t5 = Main_t17
t4 = Main_t8
t0 = t3
print(t0)
t3 = 1
goto main_end
main_end:
t18 = t3
return t18

func A_run()
t5 = a2
t5 = 0
t0 = t5
t4 = t0
t4 = 20
t3 = 21
t2 = 84
t0 = t2
s11 = alloc(t0)
t3 = 0
t0 = s11
t1 = t4
[t0 + 0] = t1
t0 = s11
t1 = t3
[t0 + 4] = t1
t0 = s11
t1 = t3
[t0 + 8] = t1
t0 = s11
t1 = t3
[t0 + 12] = t1
t0 = s11
t1 = t3
[t0 + 16] = t1
t0 = s11
t1 = t3
[t0 + 20] = t1
t0 = s11
t1 = t3
[t0 + 24] = t1
t0 = s11
t1 = t3
[t0 + 28] = t1
t0 = s11
t1 = t3
[t0 + 32] = t1
t0 = s11
t1 = t3
[t0 + 36] = t1
t0 = s11
t1 = t3
[t0 + 40] = t1
t0 = s11
t1 = t3
[t0 + 44] = t1
t0 = s11
t1 = t3
[t0 + 48] = t1
t0 = s11
t1 = t3
[t0 + 52] = t1
t0 = s11
t1 = t3
[t0 + 56] = t1
t0 = s11
t1 = t3
[t0 + 60] = t1
t0 = s11
t1 = t3
[t0 + 64] = t1
t0 = s11
t1 = t3
[t0 + 68] = t1
t0 = s11
t1 = t3
[t0 + 72] = t1
t0 = s11
t1 = t3
[t0 + 76] = t1
t0 = s11
t1 = t3
[t0 + 80] = t1
t0 = s11
t5 = t0
t0 = t5
s11 = t0
t3 = 10
t4 = 1
t2 = 4
t0 = t3
t1 = t4
s10 = t0 + t1
t0 = s10
t1 = t2
t4 = t0 * t1
t0 = s11
t1 = t4
s10 = t0 + t1
t4 = 1
t2 = 2
t0 = t4
t1 = t2
t2 = t0 - t1
t0 = t2
t1 = t3
t4 = t0 < t1
t0 = t4
if0 t0 goto Error27
t0 = s11
t4 = [t0 + 0]
t0 = t3
t1 = t4
s11 = t0 < t1
t0 = s11
if0 t0 goto Error27
t0 = s10
t3 = [t0 + 0]
goto end27
Error27:
error("array index out of bounds")
end27:
t0 = t3
print(t0)
t0 = t5
t3 = t0
t5 = 40
s10 = 1
s11 = 4
t0 = t5
t1 = s10
t4 = t0 + t1
t0 = t4
t1 = s11
s10 = t0 * t1
t0 = t3
t1 = s10
s11 = t0 + t1
s10 = 1
t4 = 2
t0 = s10
t1 = t4
t4 = t0 - t1
t0 = t4
t1 = t5
s10 = t0 < t1
t0 = s10
if0 t0 goto Error41
t0 = t3
s10 = [t0 + 0]
t0 = t5
t1 = s10
t3 = t0 < t1
t0 = t3
if0 t0 goto Error41
t0 = s11
s10 = [t0 + 0]
goto end41
Error41:
error("array index out of bounds")
end41:
goto run_end
run_end:
t41 = s10
return t41


