WARNING: A command line option has enabled the Security Manager
WARNING: The Security Manager is deprecated and will be removed in a future release
