func Main()
t5 = 12
t0 = t5
t4 = alloc(t0)
t5 = 16
t0 = t5
t3 = alloc(t0)
t5 = @LS_Start
t2 = @LS_Print
s11 = @LS_Search
s10 = @LS_Init
t0 = t3
t1 = t5
[t0 + 0] = t1
t0 = t3
t1 = t2
[t0 + 4] = t1
t0 = t3
t1 = s11
[t0 + 8] = t1
t0 = t3
t1 = s10
[t0 + 12] = t1
t0 = t4
t1 = t3
[t0 + 0] = t1
t0 = t4
if0 t0 goto null8
t0 = t4
t2 = [t0 + 0]
t0 = t2
s10 = [t0 + 0]
goto null_end8
null8:
error("null pointer")
null_end8:
t2 = 10
t0 = s10
Main_t8 = t4
Main_t21 = t2
Main_t20 = s10
a2 = t4
a3 = t2
t3 = call t0()
t4 = Main_t8
t2 = Main_t21
s10 = Main_t20
t0 = t3
print(t0)
s10 = 1
goto main_end
main_end:
t22 = s10
return t22

func LS_Start()
t5 = a2
t4 = a3
t3 = 0
t0 = t3
t2 = t0
t2 = 0
t0 = t2
s11 = t0
t0 = t5
s11 = t0
t0 = s11
if0 t0 goto null33
t0 = s11
s10 = [t0 + 0]
t0 = s10
s9 = [t0 + 12]
goto null_end33
null33:
error("null pointer")
null_end33:
t0 = t4
s10 = t0
t0 = s9
LS_Start_this = t5
LS_Start_LS_aux01 = t3
LS_Start_LS_aux02 = t2
LS_Start_t33 = s11
LS_Start_t38 = s10
LS_Start_t37 = s9
a2 = s11
a3 = s10
t4 = call t0()
t5 = LS_Start_this
t3 = LS_Start_LS_aux01
t2 = LS_Start_LS_aux02
s11 = LS_Start_t33
s10 = LS_Start_t38
s9 = LS_Start_t37
t0 = t4
t3 = t0
t0 = t5
t3 = t0
t0 = t3
if0 t0 goto null42
t0 = t3
t4 = [t0 + 0]
t0 = t4
s10 = [t0 + 4]
goto null_end42
null42:
error("null pointer")
null_end42:
t0 = s10
LS_Start_this = t5
LS_Start_t42 = t3
LS_Start_LS_aux02 = t2
LS_Start_t46 = s10
a2 = t3
t4 = call t0()
t5 = LS_Start_this
t3 = LS_Start_t42
t2 = LS_Start_LS_aux02
s10 = LS_Start_t46
t0 = t4
t2 = t0
t2 = 9999
t0 = t2
print(t0)
t0 = t5
t2 = t0
t0 = t2
if0 t0 goto null50
t0 = t2
t4 = [t0 + 0]
t0 = t4
s10 = [t0 + 8]
goto null_end50
null50:
error("null pointer")
null_end50:
t4 = 8
t0 = s10
LS_Start_this = t5
LS_Start_t55 = t4
LS_Start_t50 = t2
LS_Start_t54 = s10
a2 = t2
a3 = t4
t3 = call t0()
t5 = LS_Start_this
t4 = LS_Start_t55
t2 = LS_Start_t50
s10 = LS_Start_t54
t0 = t3
print(t0)
t0 = t5
t2 = t0
t0 = t2
if0 t0 goto null58
t0 = t2
t3 = [t0 + 0]
t0 = t3
s10 = [t0 + 8]
goto null_end58
null58:
error("null pointer")
null_end58:
t3 = 12
t0 = s10
LS_Start_this = t5
LS_Start_t63 = t3
LS_Start_t58 = t2
LS_Start_t62 = s10
a2 = t2
a3 = t3
t4 = call t0()
t5 = LS_Start_this
t3 = LS_Start_t63
t2 = LS_Start_t58
s10 = LS_Start_t62
t0 = t4
print(t0)
t0 = t5
t2 = t0
t0 = t2
if0 t0 goto null66
t0 = t2
t4 = [t0 + 0]
t0 = t4
s10 = [t0 + 8]
goto null_end66
null66:
error("null pointer")
null_end66:
t4 = 17
t0 = s10
LS_Start_this = t5
LS_Start_t71 = t4
LS_Start_t66 = t2
LS_Start_t70 = s10
a2 = t2
a3 = t4
t3 = call t0()
t5 = LS_Start_this
t4 = LS_Start_t71
t2 = LS_Start_t66
s10 = LS_Start_t70
t0 = t3
print(t0)
t0 = t5
t2 = t0
t0 = t2
if0 t0 goto null74
t0 = t2
t5 = [t0 + 0]
t0 = t5
t3 = [t0 + 8]
goto null_end74
null74:
error("null pointer")
null_end74:
t5 = 50
t0 = t3
LS_Start_t79 = t5
LS_Start_t78 = t3
LS_Start_t74 = t2
a2 = t2
a3 = t5
s10 = call t0()
t5 = LS_Start_t79
t3 = LS_Start_t78
t2 = LS_Start_t74
t0 = s10
print(t0)
t2 = 55
goto Start_end
Start_end:
t80 = t2
return t80

func LS_Print()
t5 = a2
t4 = 0
t0 = t4
t3 = t0
t3 = 1
t0 = t3
t4 = t0
loop84:
t0 = t4
t3 = t0
t0 = t5
t2 = [t0 + 8]
t0 = t3
t1 = t2
s11 = t0 < t1
t0 = s11
if0 t0 goto end84
t0 = t5
s10 = [t0 + 4]
t0 = t4
s9 = t0
s8 = 1
s7 = 4
t0 = s9
t1 = s8
s6 = t0 + t1
t0 = s6
t1 = s7
s5 = t0 * t1
t0 = s10
t1 = s5
s4 = t0 + t1
s3 = 1
s2 = 2
t0 = s3
t1 = s2
s2 = t0 - t1
t0 = s2
t1 = s9
s1 = t0 < t1
t0 = s1
if0 t0 goto Error90
t0 = s10
t0 = [t0 + 0]
LS_Print_t96 = t0
t0 = s9
t1 = LS_Print_t96
t0 = t0 < t1
LS_Print_t97 = t0
t0 = LS_Print_t97
if0 t0 goto Error90
t0 = s4
t0 = [t0 + 0]
LS_Print_t90 = t0
goto end90
Error90:
error("array index out of bounds")
end90:
t0 = LS_Print_t90
print(t0)
t0 = t4
t0 = t0
LS_Print_t106 = t0
t0 = 1
LS_Print_t108 = t0
t0 = LS_Print_t106
t1 = LS_Print_t108
t0 = t0 + t1
LS_Print_t105 = t0
t0 = LS_Print_t105
t4 = t0
goto loop84
end84:
s10 = 0
goto Print_end
Print_end:
t109 = s10
return t109

func LS_Search()
t5 = a2
t4 = a3
t3 = 0
t0 = t3
t2 = t0
t2 = 0
t0 = t2
s11 = t0
s11 = 0
t0 = s11
s10 = t0
s10 = 0
t0 = s10
s9 = t0
s9 = 0
t0 = s9
s8 = t0
s8 = 0
t0 = s8
s7 = t0
s7 = 1
t0 = s7
t3 = t0
s7 = 0
t0 = s7
t2 = t0
s7 = 0
t0 = s7
s11 = t0
loop125:
t0 = t3
s7 = t0
t0 = t5
s6 = [t0 + 8]
t0 = s7
t1 = s6
s5 = t0 < t1
t0 = s5
if0 t0 goto end125
t0 = t5
s4 = [t0 + 4]
t0 = t3
s3 = t0
s2 = 1
s1 = 4
t0 = s3
t1 = s2
t0 = t0 + t1
LS_Search_t132 = t0
t0 = LS_Search_t132
t1 = s1
t0 = t0 * t1
LS_Search_t133 = t0
t0 = s4
t1 = LS_Search_t133
t0 = t0 + t1
LS_Search_t134 = t0
t0 = 1
LS_Search_t135 = t0
t0 = 2
LS_Search_t139 = t0
t0 = LS_Search_t135
t1 = LS_Search_t139
t0 = t0 - t1
LS_Search_t139 = t0
t0 = LS_Search_t139
t1 = s3
t0 = t0 < t1
LS_Search_t136 = t0
t0 = LS_Search_t136
if0 t0 goto Error131
t0 = s4
t0 = [t0 + 0]
LS_Search_t137 = t0
t0 = s3
t1 = LS_Search_t137
t0 = t0 < t1
LS_Search_t138 = t0
t0 = LS_Search_t138
if0 t0 goto Error131
t0 = LS_Search_t134
t0 = [t0 + 0]
LS_Search_t131 = t0
goto end131
Error131:
error("array index out of bounds")
end131:
t0 = LS_Search_t131
s10 = t0
t0 = t4
t0 = t0
LS_Search_t147 = t0
t0 = 1
LS_Search_t149 = t0
t0 = LS_Search_t147
t1 = LS_Search_t149
t0 = t0 + t1
LS_Search_t146 = t0
t0 = LS_Search_t146
s9 = t0
t0 = s10
t0 = t0
LS_Search_t152 = t0
t0 = t4
t0 = t0
LS_Search_t154 = t0
t0 = LS_Search_t152
t1 = LS_Search_t154
t0 = t0 < t1
LS_Search_t151 = t0
t0 = LS_Search_t151
if0 t0 goto else150
t0 = 0
LS_Search_t156 = t0
t0 = LS_Search_t156
s8 = t0
goto end150
else150:
t0 = s10
t0 = t0
LS_Search_t160 = t0
t0 = s9
t0 = t0
LS_Search_t162 = t0
t0 = LS_Search_t160
t1 = LS_Search_t162
t0 = t0 < t1
LS_Search_t159 = t0
t0 = LS_Search_t159
if0 t0 goto else158
t0 = 0
LS_Search_t158 = t0
goto end158
else158:
t0 = 1
LS_Search_t158 = t0
end158:
t0 = LS_Search_t158
if0 t0 goto else157
t0 = 0
LS_Search_t164 = t0
t0 = LS_Search_t164
s8 = t0
goto end157
else157:
t0 = 1
LS_Search_t165 = t0
t0 = LS_Search_t165
t2 = t0
t0 = 1
LS_Search_t166 = t0
t0 = LS_Search_t166
s11 = t0
t0 = t5
t0 = [t0 + 8]
LS_Search_t167 = t0
t0 = LS_Search_t167
t3 = t0
end157:
end150:
t0 = t3
t0 = t0
LS_Search_t170 = t0
t0 = 1
LS_Search_t172 = t0
t0 = LS_Search_t170
t1 = LS_Search_t172
t0 = t0 + t1
LS_Search_t169 = t0
t0 = LS_Search_t169
t3 = t0
goto loop125
end125:
t0 = s11
s10 = t0
goto Search_end
Search_end:
t173 = s10
return t173

func LS_Init()
t4 = a2
t5 = a3
t3 = 0
t0 = t3
t2 = t0
t2 = 0
t0 = t2
s11 = t0
s11 = 0
t0 = s11
s10 = t0
s10 = 0
t0 = s10
s9 = t0
t0 = t5
s9 = t0
t0 = s9
s8 = t0
t0 = t4
t1 = s9
[t0 + 8] = t1
t0 = t5
s9 = t0
t5 = 1
s8 = 4
t0 = s9
t1 = t5
s7 = t0 + t1
t0 = s7
t1 = s8
t5 = t0 * t1
t0 = t5
s8 = alloc(t0)
s7 = 0
t0 = s8
t1 = s9
[t0 + 0] = t1
t0 = s8
s9 = t0
t0 = t4
t1 = s8
[t0 + 4] = t1
s8 = 1
t0 = s8
t3 = t0
t0 = t4
s8 = [t0 + 8]
s9 = 1
t0 = s8
t1 = s9
s7 = t0 + t1
t0 = s7
t2 = t0
loop197:
t0 = t3
s7 = t0
t0 = t4
s8 = [t0 + 8]
t0 = s7
t1 = s8
s9 = t0 < t1
t0 = s9
if0 t0 goto end197
t5 = 2
t0 = t3
s6 = t0
t0 = t5
t1 = s6
s5 = t0 * t1
t0 = s5
s11 = t0
t0 = t2
s4 = t0
s3 = 3
t0 = s4
t1 = s3
s2 = t0 - t1
t0 = s2
s10 = t0
t0 = t4
s1 = [t0 + 4]
t0 = t3
t0 = t0
LS_Init_t223 = t0
t0 = s11
t0 = t0
LS_Init_t226 = t0
t0 = s10
t0 = t0
LS_Init_t228 = t0
t0 = LS_Init_t226
t1 = LS_Init_t228
t0 = t0 + t1
LS_Init_t225 = t0
t0 = 1
LS_Init_t220 = t0
t0 = LS_Init_t223
t1 = LS_Init_t220
t0 = t0 + t1
LS_Init_t212 = t0
t0 = 4
LS_Init_t220 = t0
t0 = LS_Init_t212
t1 = LS_Init_t220
t0 = t0 * t1
LS_Init_t213 = t0
t0 = s1
t1 = LS_Init_t213
t0 = t0 + t1
LS_Init_t214 = t0
t0 = s1
t0 = [t0 + 0]
LS_Init_t230 = t0
t0 = 1
LS_Init_t215 = t0
t0 = 2
LS_Init_t219 = t0
t0 = LS_Init_t215
t1 = LS_Init_t219
t0 = t0 - t1
LS_Init_t219 = t0
t0 = LS_Init_t219
t1 = LS_Init_t225
t0 = t0 < t1
LS_Init_t216 = t0
t0 = LS_Init_t216
if0 t0 goto Error211
t0 = s1
t0 = [t0 + 0]
LS_Init_t217 = t0
t0 = LS_Init_t223
t1 = LS_Init_t230
t0 = t0 < t1
LS_Init_t218 = t0
t0 = LS_Init_t218
if0 t0 goto Error211
t0 = LS_Init_t214
t1 = LS_Init_t225
[t0 + 0] = t1
goto end211
Error211:
error("array index out of bounds")
end211:
t0 = t3
t0 = t0
LS_Init_t232 = t0
t0 = 1
LS_Init_t234 = t0
t0 = LS_Init_t232
t1 = LS_Init_t234
t0 = t0 + t1
LS_Init_t231 = t0
t0 = LS_Init_t231
t3 = t0
t0 = t2
t0 = t0
LS_Init_t236 = t0
t0 = 1
LS_Init_t238 = t0
t0 = LS_Init_t236
t1 = LS_Init_t238
t0 = t0 - t1
LS_Init_t235 = t0
t0 = LS_Init_t235
t2 = t0
goto loop197
end197:
s10 = 0
goto Init_end
Init_end:
t239 = s10
return t239


