.equiv @sbrk, 9
.equiv @print_string, 4
.equiv @print_char, 11
.equiv @print_int, 1
.equiv @exit, 10
.equiv @exit2, 17

.text
jal Main
li a0, @exit
ecall

.globl Main
Main:
sw fp, -8(sp)
mv fp, sp
li t6, 16
sub sp, sp, t6
sw ra, -4(fp)
la t0, f
sw t0, -12(fp)
lw t1, -12(fp)
jalr t1
mv t0, a0
sw t0, -16(fp)
lw t1, -16(fp)
mv a1, t1
li a0, @print_int
ecall
li a1, 10
li a0, @print_char
ecall
lw a0, -16(fp)
addi sp, sp, 16
lw ra, -4(fp)
lw fp, -8(fp)
jr ra

.globl f
f:
sw fp, -8(sp)
mv fp, sp
li t6, 268
sub sp, sp, t6
sw ra, -4(fp)
li t0, 10
sw t0, -12(fp)
li t0, 20
sw t0, -124(fp)
lw t1, -12(fp)
lw t2, -124(fp)
add t0, t1, t2
sw t0, -208(fp)
li t0, 30
sw t0, -156(fp)
lw t1, -12(fp)
lw t2, -156(fp)
slt t0, t1, t2
sw t0, -28(fp)
lw t1, -28(fp)
beqz t1, f_L8_1_0
jal f_L8_2_0
f_L8_1_0:
jal f_L8
f_L8_2_0:
lw t1, -12(fp)
lw t2, -208(fp)
add t0, t1, t2
sw t0, -96(fp)
lw t1, -12(fp)
lw t2, -124(fp)
add t0, t1, t2
sw t0, -116(fp)
jal f_L10
f_L8:
lw t1, -124(fp)
lw t2, -208(fp)
add t0, t1, t2
sw t0, -136(fp)
jal f_L14
f_L10:
li t0, 50
sw t0, -44(fp)
lw t1, -96(fp)
lw t2, -44(fp)
add t0, t1, t2
sw t0, -124(fp)
lw t1, -208(fp)
lw t2, -96(fp)
add t0, t1, t2
sw t0, -248(fp)
lw t1, -248(fp)
lw t2, -116(fp)
add t0, t1, t2
sw t0, -56(fp)
lw t1, -56(fp)
mv a1, t1
li a0, @print_int
ecall
li a1, 10
li a0, @print_char
ecall
lw t1, -208(fp)
lw t2, -116(fp)
add t0, t1, t2
sw t0, -136(fp)
li t0, 40
sw t0, -64(fp)
lw t1, -124(fp)
lw t2, -64(fp)
add t0, t1, t2
sw t0, -124(fp)
jal f_L8
f_L14:
li t0, 10
sw t0, -72(fp)
lw t1, -12(fp)
lw t2, -72(fp)
add t0, t1, t2
sw t0, -116(fp)
f_L22:
li t0, 55
sw t0, -124(fp)
li t0, 20
sw t0, -84(fp)
lw t1, -12(fp)
lw t2, -84(fp)
sub t0, t1, t2
sw t0, -208(fp)
lw t1, -124(fp)
lw t2, -208(fp)
slt t0, t1, t2
sw t0, -92(fp)
lw t1, -92(fp)
beqz t1, f_L20_1_1
jal f_L20_2_1
f_L20_1_1:
jal f_L20
f_L20_2_1:
lw t1, -208(fp)
lw t2, -124(fp)
add t0, t1, t2
sw t0, -96(fp)
lw t1, -96(fp)
lw t2, -72(fp)
sub t0, t1, t2
sw t0, -136(fp)
lw t1, -96(fp)
lw t2, -136(fp)
add t0, t1, t2
sw t0, -104(fp)
lw t1, -104(fp)
mv a1, t1
li a0, @print_int
ecall
li a1, 10
li a0, @print_char
ecall
lw t1, -208(fp)
lw t2, -136(fp)
add t0, t1, t2
sw t0, -124(fp)
li t0, 2
sw t0, -132(fp)
lw t1, -132(fp)
lw t2, -124(fp)
sub t0, t1, t2
sw t0, -116(fp)
jal f_L22
f_L20:
li t0, 7
sw t0, -120(fp)
lw t1, -116(fp)
lw t2, -120(fp)
add t0, t1, t2
sw t0, -124(fp)
lw t1, -208(fp)
lw t2, -124(fp)
add t0, t1, t2
sw t0, -208(fp)
li t0, 2
sw t0, -132(fp)
lw t1, -132(fp)
lw t2, -208(fp)
mul t0, t1, t2
sw t0, -136(fp)
lw t1, -116(fp)
lw t2, -72(fp)
add t0, t1, t2
sw t0, -268(fp)
li t0, 55
sw t0, -144(fp)
lw t1, -144(fp)
sw t1, -164(fp)
la t0, g
sw t0, -152(fp)
lw t1, -268(fp)
lw t2, -164(fp)
slt t0, t1, t2
sw t0, -156(fp)
lw t1, -156(fp)
beqz t1, f_L27_1_2
jal f_L27_2_2
f_L27_1_2:
jal f_L27
f_L27_2_2:
lw t1, -268(fp)
lw t2, -84(fp)
sub t0, t1, t2
sw t0, -204(fp)
lw t1, -152(fp)
li t6, 32
sub sp, sp, t6
lw t6, -124(fp)
sw t6, 0(sp)
lw t6, -208(fp)
sw t6, 4(sp)
lw t6, -96(fp)
sw t6, 8(sp)
lw t6, -136(fp)
sw t6, 12(sp)
lw t6, -116(fp)
sw t6, 16(sp)
lw t6, -268(fp)
sw t6, 20(sp)
lw t6, -164(fp)
sw t6, 24(sp)
lw t6, -204(fp)
sw t6, 28(sp)
jalr t1
sw fp, -32(sp)
mv t0, a0
sw t0, -164(fp)
lw t1, -204(fp)
lw t2, -164(fp)
add t0, t1, t2
sw t0, -180(fp)
jal f_L29
f_L27:
li t0, 1
sw t0, -172(fp)
lw t1, -268(fp)
lw t2, -172(fp)
add t0, t1, t2
sw t0, -192(fp)
lw t1, -132(fp)
lw t2, -192(fp)
mul t0, t1, t2
sw t0, -180(fp)
f_L29:
li t0, 5
sw t0, -184(fp)
lw t1, -180(fp)
lw t2, -184(fp)
sub t0, t1, t2
sw t0, -188(fp)
lw t1, -268(fp)
lw t2, -188(fp)
add t0, t1, t2
sw t0, -192(fp)
lw t1, -180(fp)
lw t2, -192(fp)
sub t0, t1, t2
sw t0, -196(fp)
lw t1, -196(fp)
lw t2, -188(fp)
add t0, t1, t2
sw t0, -200(fp)
lw t1, -200(fp)
mv a1, t1
li a0, @print_int
ecall
li a1, 10
li a0, @print_char
ecall
lw t1, -180(fp)
lw t2, -192(fp)
add t0, t1, t2
sw t0, -204(fp)
lw t1, -208(fp)
lw t2, -96(fp)
add t0, t1, t2
sw t0, -208(fp)
lw t1, -96(fp)
lw t2, -84(fp)
add t0, t1, t2
sw t0, -252(fp)
lw t1, -204(fp)
lw t2, -252(fp)
add t0, t1, t2
sw t0, -256(fp)
lw t1, -96(fp)
lw t2, -256(fp)
slt t0, t1, t2
sw t0, -248(fp)
f_L3:
lw t1, -248(fp)
beqz t1, f_L12_1_3
jal f_L12_2_3
f_L12_1_3:
jal f_L12
f_L12_2_3:
lw t1, -96(fp)
lw t2, -252(fp)
add t0, t1, t2
sw t0, -224(fp)
li t0, 30
sw t0, -228(fp)
lw t1, -224(fp)
lw t2, -228(fp)
add t0, t1, t2
sw t0, -236(fp)
lw t1, -204(fp)
lw t2, -236(fp)
sub t0, t1, t2
sw t0, -236(fp)
lw t1, -224(fp)
lw t2, -236(fp)
sub t0, t1, t2
sw t0, -256(fp)
li t0, 0
sw t0, -244(fp)
lw t1, -256(fp)
lw t2, -244(fp)
mul t0, t1, t2
sw t0, -248(fp)
lw t1, -208(fp)
lw t2, -268(fp)
add t0, t1, t2
sw t0, -252(fp)
lw t1, -224(fp)
lw t2, -256(fp)
add t0, t1, t2
sw t0, -256(fp)
lw t1, -252(fp)
lw t2, -256(fp)
sub t0, t1, t2
sw t0, -260(fp)
lw t1, -260(fp)
mv a1, t1
li a0, @print_int
ecall
li a1, 10
li a0, @print_char
ecall
jal f_L3
f_L12:
lw t1, -192(fp)
lw t2, -256(fp)
sub t0, t1, t2
sw t0, -268(fp)
lw t1, -224(fp)
lw t2, -268(fp)
add t0, t1, t2
sw t0, -268(fp)
lw a0, -268(fp)
addi sp, sp, 268
lw ra, -4(fp)
lw fp, -8(fp)
jr ra

.globl g
g:
sw fp, -8(sp)
mv fp, sp
li t6, 68
sub sp, sp, t6
sw ra, -4(fp)
lw t1, 0(fp)
lw t2, 4(fp)
add t0, t1, t2
sw t0, -44(fp)
lw t1, 8(fp)
lw t2, 12(fp)
add t0, t1, t2
sw t0, -16(fp)
lw t1, 16(fp)
lw t2, 20(fp)
add t0, t1, t2
sw t0, -20(fp)
lw t1, 24(fp)
lw t2, 28(fp)
add t0, t1, t2
sw t0, -24(fp)
li t0, 10
sw t0, -28(fp)
lw t1, -28(fp)
sw t1, -48(fp)
lw t1, 28(fp)
lw t2, 0(fp)
slt t0, t1, t2
sw t0, -36(fp)
lw t1, -36(fp)
beqz t1, g_L42_1_4
jal g_L42_2_4
g_L42_1_4:
jal g_L42
g_L42_2_4:
la t0, g
sw t0, -40(fp)
lw t1, -40(fp)
li t6, 32
sub sp, sp, t6
lw t6, -36(fp)
sw t6, 0(sp)
lw t6, 24(fp)
sw t6, 4(sp)
lw t6, -36(fp)
sw t6, 8(sp)
lw t6, 16(fp)
sw t6, 12(sp)
lw t6, -28(fp)
sw t6, 16(sp)
lw t6, -36(fp)
sw t6, 20(sp)
lw t6, 4(fp)
sw t6, 24(sp)
lw t6, -28(fp)
sw t6, 28(sp)
jalr t1
sw fp, -32(sp)
mv t0, a0
sw t0, -44(fp)
g_L42:
lw t1, -24(fp)
lw t2, -44(fp)
sub t0, t1, t2
sw t0, -48(fp)
lw t1, -16(fp)
lw t2, -48(fp)
mul t0, t1, t2
sw t0, -52(fp)
lw t1, -20(fp)
lw t2, -52(fp)
sub t0, t1, t2
sw t0, -56(fp)
lw t1, -24(fp)
lw t2, -48(fp)
add t0, t1, t2
sw t0, -60(fp)
lw t1, -48(fp)
lw t2, -52(fp)
add t0, t1, t2
sw t0, -64(fp)
lw t1, -56(fp)
lw t2, -60(fp)
add t0, t1, t2
sw t0, -68(fp)
lw a0, -68(fp)
addi sp, sp, 68
lw ra, -4(fp)
lw fp, -8(fp)
jr ra

.globl error
error:
mv a1, a0
li a0, @print_string
ecall
li a1, 10
li a0, @print_char
ecall
li a0, @exit
ecall
abort_17:
j abort_17

.globl alloc
alloc:
mv a1, a0
li a0, @sbrk
ecall
jr ra

.data

.globl msg_0
msg_0:
.asciiz "null pointer"
.align 2

.globl msg_1
msg_1:
.asciiz "array index out of bounds"
.align 2


