.equiv @sbrk, 9
.equiv @print_string, 4
.equiv @print_char, 11
.equiv @print_int, 1
.equiv @exit, 10
.equiv @exit2, 17

.text
jal Main
li a0, @exit
ecall

.globl Main
Main:
sw fp, -8(sp)
mv fp, sp
li t6, 12
sub sp, sp, t6
sw ra, -4(fp)
la t3, f
jalr t3
mv t0, a0
sw t0, -12(fp)
lw t1, -12(fp)
mv a1, t1
li a0, @print_int
ecall
li a1, 10
li a0, @print_char
ecall
lw a0, -12(fp)
addi sp, sp, 12
lw ra, -4(fp)
lw fp, -8(fp)
jr ra

.globl f
f:
sw fp, -8(sp)
mv fp, sp
li t6, 196
sub sp, sp, t6
sw ra, -4(fp)
sw s1, -12(fp)
sw s2, -16(fp)
sw s3, -20(fp)
sw s4, -24(fp)
sw s5, -28(fp)
sw s6, -32(fp)
sw s7, -36(fp)
sw s8, -40(fp)
sw s9, -44(fp)
sw s10, -48(fp)
sw s11, -52(fp)
li t3, 10
li t0, 20
sw t0, -124(fp)
lw t2, -124(fp)
add t0, t3, t2
sw t0, -180(fp)
li t4, 30
slt t5, t3, t4
beqz t5, f_L8_1_0
jal f_L8_2_0
f_L8_1_0:
jal f_L8
f_L8_2_0:
lw t2, -180(fp)
add t0, t3, t2
sw t0, -108(fp)
lw t2, -124(fp)
add t0, t3, t2
sw t0, -120(fp)
jal f_L10
f_L8:
lw t1, -124(fp)
lw t2, -180(fp)
add t0, t1, t2
sw t0, -132(fp)
jal f_L14
f_L10:
li s1, 50
lw t1, -108(fp)
add t0, t1, s1
sw t0, -124(fp)
lw t1, -180(fp)
lw t2, -108(fp)
add t0, t1, t2
sw t0, -188(fp)
lw t1, -188(fp)
lw t2, -120(fp)
add s3, t1, t2
mv a1, s3
li a0, @print_int
ecall
li a1, 10
li a0, @print_char
ecall
lw t1, -180(fp)
lw t2, -120(fp)
add t0, t1, t2
sw t0, -132(fp)
li s4, 40
lw t1, -124(fp)
add t0, t1, s4
sw t0, -124(fp)
jal f_L8
f_L14:
li s5, 10
add t0, t3, s5
sw t0, -120(fp)
f_L22:
li t0, 55
sw t0, -124(fp)
li t0, 20
sw t0, -100(fp)
lw t2, -100(fp)
sub t0, t3, t2
sw t0, -180(fp)
lw t1, -124(fp)
lw t2, -180(fp)
slt s7, t1, t2
beqz s7, f_L20_1_1
jal f_L20_2_1
f_L20_1_1:
jal f_L20
f_L20_2_1:
lw t1, -180(fp)
lw t2, -124(fp)
add t0, t1, t2
sw t0, -108(fp)
lw t1, -108(fp)
sub t0, t1, s5
sw t0, -132(fp)
lw t1, -108(fp)
lw t2, -132(fp)
add s8, t1, t2
mv a1, s8
li a0, @print_int
ecall
li a1, 10
li a0, @print_char
ecall
lw t1, -180(fp)
lw t2, -132(fp)
add t0, t1, t2
sw t0, -124(fp)
li s9, 2
lw t2, -124(fp)
sub t0, s9, t2
sw t0, -120(fp)
jal f_L22
f_L20:
li s10, 7
lw t1, -120(fp)
add t0, t1, s10
sw t0, -124(fp)
lw t1, -180(fp)
lw t2, -124(fp)
add t0, t1, t2
sw t0, -180(fp)
li s9, 2
lw t2, -180(fp)
mul t0, s9, t2
sw t0, -132(fp)
lw t1, -120(fp)
add t0, t1, s5
sw t0, -196(fp)
li s11, 55
sw s11, -156(fp)
la s2, g
lw t1, -196(fp)
lw t2, -156(fp)
slt t4, t1, t2
beqz t4, f_L27_1_2
jal f_L27_2_2
f_L27_1_2:
jal f_L27
f_L27_2_2:
lw t1, -196(fp)
lw t2, -100(fp)
sub t0, t1, t2
sw t0, -176(fp)
lw t0, -124(fp)
mv a2, t0
lw t0, -180(fp)
mv a3, t0
lw t0, -108(fp)
mv a4, t0
lw t0, -132(fp)
mv a5, t0
lw t0, -120(fp)
mv a6, t0
lw t0, -196(fp)
mv a7, t0
lw t0, -156(fp)
sw t0, -148(fp)
lw t0, -176(fp)
sw t0, -152(fp)
li t6, 8
sub sp, sp, t6
lw t6, -148(fp)
sw t6, 0(sp)
lw t6, -152(fp)
sw t6, 4(sp)
jalr s2
sw fp, -8(sp)
mv t0, a0
sw t0, -156(fp)
lw t1, -176(fp)
lw t2, -156(fp)
add t0, t1, t2
sw t0, -168(fp)
jal f_L29
f_L27:
li s6, 1
lw t1, -196(fp)
add t0, t1, s6
sw t0, -172(fp)
lw t2, -172(fp)
mul t0, s9, t2
sw t0, -168(fp)
f_L29:
li t5, 5
lw t1, -168(fp)
sub s1, t1, t5
lw t1, -196(fp)
add t0, t1, s1
sw t0, -172(fp)
lw t1, -168(fp)
lw t2, -172(fp)
sub s3, t1, t2
add s4, s3, s1
mv a1, s4
li a0, @print_int
ecall
li a1, 10
li a0, @print_char
ecall
lw t1, -168(fp)
lw t2, -172(fp)
add t0, t1, t2
sw t0, -176(fp)
lw t1, -180(fp)
lw t2, -108(fp)
add t0, t1, t2
sw t0, -180(fp)
lw t1, -108(fp)
lw t2, -100(fp)
add t3, t1, t2
lw t1, -176(fp)
add s7, t1, t3
lw t1, -108(fp)
slt t0, t1, s7
sw t0, -188(fp)
f_L3:
lw t1, -188(fp)
beqz t1, f_L12_1_3
jal f_L12_2_3
f_L12_1_3:
jal f_L12
f_L12_2_3:
lw t1, -108(fp)
add s8, t1, t3
li s10, 30
add s5, s8, s10
lw t1, -176(fp)
sub s5, t1, s5
sub s7, s8, s5
li s11, 0
mul t0, s7, s11
sw t0, -188(fp)
lw t1, -180(fp)
lw t2, -196(fp)
add t3, t1, t2
add s7, s8, s7
sub t4, t3, s7
mv a1, t4
li a0, @print_int
ecall
li a1, 10
li a0, @print_char
ecall
jal f_L3
f_L12:
lw t1, -172(fp)
sub t0, t1, s7
sw t0, -196(fp)
lw t2, -196(fp)
add t0, s8, t2
sw t0, -196(fp)
lw s3, -20(fp)
lw s4, -24(fp)
lw s5, -28(fp)
lw s11, -52(fp)
lw s6, -32(fp)
lw s10, -48(fp)
lw s7, -36(fp)
lw s8, -40(fp)
lw s9, -44(fp)
lw s1, -12(fp)
lw s2, -16(fp)
lw a0, -196(fp)
addi sp, sp, 196
lw ra, -4(fp)
lw fp, -8(fp)
jr ra

.globl g
g:
sw fp, -8(sp)
mv fp, sp
li t6, 92
sub sp, sp, t6
sw ra, -4(fp)
sw s1, -12(fp)
sw s2, -16(fp)
sw s3, -20(fp)
sw s4, -24(fp)
sw s5, -28(fp)
sw s6, -32(fp)
sw s7, -36(fp)
add t3, a2, a3
add t4, a4, a5
add t5, a6, a7
lw t1, 0(fp)
lw t2, 4(fp)
add s1, t1, t2
li t0, 10
sw t0, -40(fp)
lw t1, -40(fp)
mv s2, t1
lw t1, 4(fp)
slt t0, t1, a2
sw t0, -44(fp)
lw t1, -44(fp)
beqz t1, g_L42_1_4
jal g_L42_2_4
g_L42_1_4:
jal g_L42
g_L42_2_4:
la s3, g
sw t3, -48(fp)
sw t4, -52(fp)
sw t5, -56(fp)
sw a2, -60(fp)
sw a3, -64(fp)
sw a4, -68(fp)
sw a5, -72(fp)
sw a6, -76(fp)
sw a7, -80(fp)
lw t0, -44(fp)
mv a2, t0
lw t0, 0(fp)
mv a3, t0
lw t0, -44(fp)
mv a4, t0
lw t0, -76(fp)
mv a5, t0
lw t0, -40(fp)
mv a6, t0
lw t0, -44(fp)
mv a7, t0
lw t0, -64(fp)
sw t0, -84(fp)
lw t0, -40(fp)
sw t0, -88(fp)
li t6, 8
sub sp, sp, t6
lw t6, -84(fp)
sw t6, 0(sp)
lw t6, -88(fp)
sw t6, 4(sp)
jalr s3
sw fp, -8(sp)
mv t0, a0
lw t4, -52(fp)
lw t5, -56(fp)
lw a2, -60(fp)
lw a3, -64(fp)
lw a4, -68(fp)
lw a5, -72(fp)
lw a6, -76(fp)
lw a7, -80(fp)
lw t3, -48(fp)
mv t3, t0
g_L42:
sub s2, s1, t3
mul s4, t4, s2
sub s5, t5, s4
add s6, s1, s2
add s7, s2, s4
add t0, s5, s6
sw t0, -92(fp)
lw s3, -20(fp)
lw s4, -24(fp)
lw s5, -28(fp)
lw s6, -32(fp)
lw s7, -36(fp)
lw s1, -12(fp)
lw s2, -16(fp)
lw a0, -92(fp)
addi sp, sp, 92
lw ra, -4(fp)
lw fp, -8(fp)
jr ra

.globl error
error:
mv a1, a0
li a0, @print_string
ecall
li a1, 10
li a0, @print_char
ecall
li a0, @exit
ecall
abort_17:
j abort_17

.globl alloc
alloc:
mv a1, a0
li a0, @sbrk
ecall
jr ra

.data

.globl msg_0
msg_0:
.asciiz "null pointer"
.align 2

.globl msg_1
msg_1:
.asciiz "array index out of bounds"
.align 2


